2026-03-22 21:46:13 | INFO | CI | === RUN START ===
2026-03-22 21:46:13 | INFO | CI | project=MODULE 3 NOTEBOOK: CORPUS EXPLORATION
2026-03-22 21:46:13 | INFO | CI | repo_dir=nlp-03-text-exploration
2026-03-22 21:46:13 | INFO | CI | python=3.14.2
2026-03-22 21:46:13 | INFO | CI | os=Windows 11
2026-03-22 21:46:13 | INFO | CI | shell=powershell
2026-03-22 21:46:13 | INFO | CI | cwd=notebooks
2026-03-22 21:46:13 | INFO | CI | github_actions=False
2026-03-22 21:46:13 | INFO | CI | ROOT_PATH = .
2026-03-22 21:46:13 | INFO | CI | NOTEBOOKS_PATH = notebooks
2026-03-22 21:46:13 | INFO | CI | SCRIPTS_PATH = scripts
2026-03-22 21:46:13 | INFO | CI | Logger configured.
2026-03-22 21:46:13 | INFO | CI | ========================
2026-03-22 21:46:13 | INFO | CI | Notebook executed successfully!
2026-03-22 21:46:13 | INFO | CI | ========================
2026-03-22 21:49:20 | INFO | CI | === RUN START ===
2026-03-22 21:49:20 | INFO | CI | project=MODULE 3: CORPUS EXPLORATION
2026-03-22 21:49:20 | INFO | CI | repo_dir=nlp-03-text-exploration
2026-03-22 21:49:20 | INFO | CI | python=3.14.2
2026-03-22 21:49:20 | INFO | CI | os=Windows 11
2026-03-22 21:49:20 | INFO | CI | shell=powershell
2026-03-22 21:49:20 | INFO | CI | cwd=.
2026-03-22 21:49:20 | INFO | CI | github_actions=False
2026-03-22 21:49:20 | INFO | CI | START script.....
2026-03-22 21:49:20 | INFO | CI | ROOT_PATH = .
2026-03-22 21:49:20 | INFO | CI | NOTEBOOKS_PATH = notebooks
2026-03-22 21:49:20 | INFO | CI | SCRIPTS_PATH = scripts
2026-03-22 21:49:20 | INFO | CI | Logger configured.
2026-03-22 21:49:32 | INFO | CI | ========================
2026-03-22 21:49:32 | INFO | CI | Pipeline executed successfully!
2026-03-22 21:49:32 | INFO | CI | ========================
2026-03-22 21:49:32 | INFO | CI | END main()
2026-03-24 17:16:53 | INFO | CI | === RUN START ===
2026-03-24 17:16:53 | INFO | CI | project=MODULE 3 NOTEBOOK: CORPUS EXPLORATION
2026-03-24 17:16:53 | INFO | CI | repo_dir=nlp-03-text-exploration
2026-03-24 17:16:53 | INFO | CI | python=3.14.2
2026-03-24 17:16:53 | INFO | CI | os=Windows 11
2026-03-24 17:16:53 | INFO | CI | shell=powershell
2026-03-24 17:16:53 | INFO | CI | cwd=notebooks
2026-03-24 17:16:53 | INFO | CI | github_actions=False
2026-03-24 17:16:53 | INFO | CI | ROOT_PATH = .
2026-03-24 17:16:53 | INFO | CI | NOTEBOOKS_PATH = notebooks
2026-03-24 17:16:53 | INFO | CI | SCRIPTS_PATH = scripts
2026-03-24 17:16:53 | INFO | CI | Logger configured.
2026-03-24 17:16:53 | INFO | CI | ========================
2026-03-24 17:16:53 | INFO | CI | Notebook executed successfully!
2026-03-24 17:16:53 | INFO | CI | ========================
2026-03-24 17:17:13 | INFO | CI | === RUN START ===
2026-03-24 17:17:13 | INFO | CI | project=MODULE 3 NOTEBOOK: CORPUS EXPLORATION
2026-03-24 17:17:13 | INFO | CI | repo_dir=nlp-03-text-exploration
2026-03-24 17:17:13 | INFO | CI | python=3.14.2
2026-03-24 17:17:13 | INFO | CI | os=Windows 11
2026-03-24 17:17:13 | INFO | CI | shell=powershell
2026-03-24 17:17:13 | INFO | CI | cwd=notebooks
2026-03-24 17:17:13 | INFO | CI | github_actions=False
2026-03-24 17:17:13 | INFO | CI | ROOT_PATH = .
2026-03-24 17:17:13 | INFO | CI | NOTEBOOKS_PATH = notebooks
2026-03-24 17:17:13 | INFO | CI | SCRIPTS_PATH = scripts
2026-03-24 17:17:13 | INFO | CI | Logger configured.
2026-03-24 17:17:13 | INFO | CI | ========================
2026-03-24 17:17:13 | INFO | CI | Notebook executed successfully!
2026-03-24 17:17:13 | INFO | CI | ========================
2026-03-24 18:20:52 | INFO | CI | === RUN START ===
2026-03-24 18:20:52 | INFO | CI | project=MODULE 3 NOTEBOOK: CORPUS EXPLORATION
2026-03-24 18:20:52 | INFO | CI | repo_dir=nlp-03-text-exploration
2026-03-24 18:20:52 | INFO | CI | python=3.14.2
2026-03-24 18:20:52 | INFO | CI | os=Windows 11
2026-03-24 18:20:52 | INFO | CI | shell=powershell
2026-03-24 18:20:52 | INFO | CI | cwd=notebooks
2026-03-24 18:20:52 | INFO | CI | github_actions=False
2026-03-24 18:20:52 | INFO | CI | ROOT_PATH = .
2026-03-24 18:20:52 | INFO | CI | NOTEBOOKS_PATH = notebooks
2026-03-24 18:20:52 | INFO | CI | SCRIPTS_PATH = scripts
2026-03-24 18:20:52 | INFO | CI | Logger configured.
2026-03-24 18:34:08 | INFO | CI | === RUN START ===
2026-03-24 18:34:08 | INFO | CI | project=MODULE 3 NOTEBOOK: CORPUS EXPLORATION
2026-03-24 18:34:08 | INFO | CI | repo_dir=nlp-03-text-exploration
2026-03-24 18:34:08 | INFO | CI | python=3.14.2
2026-03-24 18:34:08 | INFO | CI | os=Windows 11
2026-03-24 18:34:08 | INFO | CI | shell=powershell
2026-03-24 18:34:08 | INFO | CI | cwd=notebooks
2026-03-24 18:34:08 | INFO | CI | github_actions=False
2026-03-24 18:34:08 | INFO | CI | ROOT_PATH = .
2026-03-24 18:34:08 | INFO | CI | NOTEBOOKS_PATH = notebooks
2026-03-24 18:34:08 | INFO | CI | SCRIPTS_PATH = scripts
2026-03-24 18:34:08 | INFO | CI | Logger configured.
2026-03-24 18:34:08 | INFO | CI | ========================
2026-03-24 18:34:08 | INFO | CI | Notebook executed successfully!
2026-03-24 18:34:08 | INFO | CI | ========================
2026-03-24 18:36:17 | INFO | CI | === RUN START ===
2026-03-24 18:36:17 | INFO | CI | project=MODULE 3 NOTEBOOK: CORPUS EXPLORATION
2026-03-24 18:36:17 | INFO | CI | repo_dir=nlp-03-text-exploration
2026-03-24 18:36:17 | INFO | CI | python=3.14.2
2026-03-24 18:36:17 | INFO | CI | os=Windows 11
2026-03-24 18:36:17 | INFO | CI | shell=powershell
2026-03-24 18:36:17 | INFO | CI | cwd=notebooks
2026-03-24 18:36:17 | INFO | CI | github_actions=False
2026-03-24 18:36:17 | INFO | CI | ROOT_PATH = .
2026-03-24 18:36:17 | INFO | CI | NOTEBOOKS_PATH = notebooks
2026-03-24 18:36:17 | INFO | CI | SCRIPTS_PATH = scripts
2026-03-24 18:36:17 | INFO | CI | Logger configured.
2026-03-24 18:36:27 | INFO | CI | === RUN START ===
2026-03-24 18:36:27 | INFO | CI | project=MODULE 3 NOTEBOOK: CORPUS EXPLORATION
2026-03-24 18:36:27 | INFO | CI | repo_dir=nlp-03-text-exploration
2026-03-24 18:36:27 | INFO | CI | python=3.14.2
2026-03-24 18:36:27 | INFO | CI | os=Windows 11
2026-03-24 18:36:27 | INFO | CI | shell=powershell
2026-03-24 18:36:27 | INFO | CI | cwd=notebooks
2026-03-24 18:36:27 | INFO | CI | github_actions=False
2026-03-24 18:36:27 | INFO | CI | ROOT_PATH = .
2026-03-24 18:36:27 | INFO | CI | NOTEBOOKS_PATH = notebooks
2026-03-24 18:36:27 | INFO | CI | SCRIPTS_PATH = scripts
2026-03-24 18:36:27 | INFO | CI | Logger configured.
2026-03-24 18:37:13 | INFO | CI | === RUN START ===
2026-03-24 18:37:13 | INFO | CI | project=MODULE 3 NOTEBOOK: CORPUS EXPLORATION
2026-03-24 18:37:13 | INFO | CI | repo_dir=nlp-03-text-exploration
2026-03-24 18:37:13 | INFO | CI | python=3.14.2
2026-03-24 18:37:13 | INFO | CI | os=Windows 11
2026-03-24 18:37:13 | INFO | CI | shell=powershell
2026-03-24 18:37:13 | INFO | CI | cwd=notebooks
2026-03-24 18:37:13 | INFO | CI | github_actions=False
2026-03-24 18:37:13 | INFO | CI | ROOT_PATH = .
2026-03-24 18:37:13 | INFO | CI | NOTEBOOKS_PATH = notebooks
2026-03-24 18:37:13 | INFO | CI | SCRIPTS_PATH = scripts
2026-03-24 18:37:13 | INFO | CI | Logger configured.
2026-03-24 18:37:14 | INFO | CI | ========================
2026-03-24 18:37:14 | INFO | CI | Notebook executed successfully!
2026-03-24 18:37:14 | INFO | CI | ========================
2026-03-24 19:02:45 | INFO | CI | === RUN START ===
2026-03-24 19:02:45 | INFO | CI | project=MODULE 3 NOTEBOOK: CORPUS EXPLORATION
2026-03-24 19:02:45 | INFO | CI | repo_dir=nlp-03-text-exploration
2026-03-24 19:02:45 | INFO | CI | python=3.14.2
2026-03-24 19:02:45 | INFO | CI | os=Windows 11
2026-03-24 19:02:45 | INFO | CI | shell=powershell
2026-03-24 19:02:45 | INFO | CI | cwd=notebooks
2026-03-24 19:02:45 | INFO | CI | github_actions=False
2026-03-24 19:02:45 | INFO | CI | ROOT_PATH = .
2026-03-24 19:02:45 | INFO | CI | NOTEBOOKS_PATH = notebooks
2026-03-24 19:02:45 | INFO | CI | SCRIPTS_PATH = scripts
2026-03-24 19:02:45 | INFO | CI | Logger configured.
2026-03-24 19:02:45 | INFO | CI | ========================
2026-03-24 19:02:45 | INFO | CI | Notebook executed successfully!
2026-03-24 19:02:45 | INFO | CI | ========================
2026-03-24 19:09:54 | INFO | CI | === RUN START ===
2026-03-24 19:09:54 | INFO | CI | project=MODULE 3 NOTEBOOK: CORPUS EXPLORATION
2026-03-24 19:09:54 | INFO | CI | repo_dir=nlp-03-text-exploration
2026-03-24 19:09:54 | INFO | CI | python=3.14.2
2026-03-24 19:09:54 | INFO | CI | os=Windows 11
2026-03-24 19:09:54 | INFO | CI | shell=powershell
2026-03-24 19:09:54 | INFO | CI | cwd=notebooks
2026-03-24 19:09:54 | INFO | CI | github_actions=False
2026-03-24 19:09:54 | INFO | CI | ROOT_PATH = .
2026-03-24 19:09:54 | INFO | CI | NOTEBOOKS_PATH = notebooks
2026-03-24 19:09:54 | INFO | CI | SCRIPTS_PATH = scripts
2026-03-24 19:09:54 | INFO | CI | Logger configured.
2026-03-24 19:09:55 | INFO | CI | ========================
2026-03-24 19:09:55 | INFO | CI | Notebook executed successfully!
2026-03-24 19:09:55 | INFO | CI | ========================
2026-03-24 19:11:43 | INFO | CI | === RUN START ===
2026-03-24 19:11:43 | INFO | CI | project=MODULE 3 NOTEBOOK: CORPUS EXPLORATION
2026-03-24 19:11:43 | INFO | CI | repo_dir=nlp-03-text-exploration
2026-03-24 19:11:43 | INFO | CI | python=3.14.2
2026-03-24 19:11:43 | INFO | CI | os=Windows 11
2026-03-24 19:11:43 | INFO | CI | shell=powershell
2026-03-24 19:11:43 | INFO | CI | cwd=notebooks
2026-03-24 19:11:43 | INFO | CI | github_actions=False
2026-03-24 19:11:43 | INFO | CI | ROOT_PATH = .
2026-03-24 19:11:43 | INFO | CI | NOTEBOOKS_PATH = notebooks
2026-03-24 19:11:43 | INFO | CI | SCRIPTS_PATH = scripts
2026-03-24 19:11:43 | INFO | CI | Logger configured.
2026-03-24 19:15:53 | INFO | CI | === RUN START ===
2026-03-24 19:15:53 | INFO | CI | project=MODULE 3 NOTEBOOK: CORPUS EXPLORATION
2026-03-24 19:15:53 | INFO | CI | repo_dir=nlp-03-text-exploration
2026-03-24 19:15:53 | INFO | CI | python=3.14.2
2026-03-24 19:15:53 | INFO | CI | os=Windows 11
2026-03-24 19:15:53 | INFO | CI | shell=powershell
2026-03-24 19:15:53 | INFO | CI | cwd=notebooks
2026-03-24 19:15:53 | INFO | CI | github_actions=False
2026-03-24 19:15:53 | INFO | CI | ROOT_PATH = .
2026-03-24 19:15:53 | INFO | CI | NOTEBOOKS_PATH = notebooks
2026-03-24 19:15:53 | INFO | CI | SCRIPTS_PATH = scripts
2026-03-24 19:15:53 | INFO | CI | Logger configured.
2026-03-24 19:15:53 | INFO | CI | ========================
2026-03-24 19:15:53 | INFO | CI | Notebook executed successfully!
2026-03-24 19:15:53 | INFO | CI | ========================
2026-03-24 21:33:12 | INFO | CI | === RUN START ===
2026-03-24 21:33:12 | INFO | CI | project=MODULE 3 NOTEBOOK: CORPUS EXPLORATION
2026-03-24 21:33:12 | INFO | CI | repo_dir=nlp-03-text-exploration
2026-03-24 21:33:12 | INFO | CI | python=3.14.2
2026-03-24 21:33:12 | INFO | CI | os=Windows 11
2026-03-24 21:33:12 | INFO | CI | shell=powershell
2026-03-24 21:33:12 | INFO | CI | cwd=notebooks
2026-03-24 21:33:12 | INFO | CI | github_actions=False
2026-03-24 21:33:12 | INFO | CI | ROOT_PATH = .
2026-03-24 21:33:12 | INFO | CI | NOTEBOOKS_PATH = notebooks
2026-03-24 21:33:12 | INFO | CI | SCRIPTS_PATH = scripts
2026-03-24 21:33:12 | INFO | CI | Logger configured.
2026-03-24 21:33:13 | INFO | CI | ========================
2026-03-24 21:33:13 | INFO | CI | Notebook executed successfully!
2026-03-24 21:33:13 | INFO | CI | ========================
2026-03-24 21:45:11 | INFO | CI | === RUN START ===
2026-03-24 21:45:11 | INFO | CI | project=MODULE 3: CORPUS EXPLORATION
2026-03-24 21:45:11 | INFO | CI | repo_dir=nlp-03-text-exploration
2026-03-24 21:45:11 | INFO | CI | python=3.14.2
2026-03-24 21:45:11 | INFO | CI | os=Windows 11
2026-03-24 21:45:11 | INFO | CI | shell=powershell
2026-03-24 21:45:11 | INFO | CI | cwd=.
2026-03-24 21:45:11 | INFO | CI | github_actions=False
2026-03-24 21:45:11 | INFO | CI | START script.....
2026-03-24 21:45:11 | INFO | CI | ROOT_PATH = .
2026-03-24 21:45:11 | INFO | CI | NOTEBOOKS_PATH = notebooks
2026-03-24 21:45:11 | INFO | CI | SCRIPTS_PATH = scripts
2026-03-24 21:45:11 | INFO | CI | Logger configured.
2026-03-24 21:48:37 | INFO | CI | === RUN START ===
2026-03-24 21:48:37 | INFO | CI | project=MODULE 3: CORPUS EXPLORATION
2026-03-24 21:48:37 | INFO | CI | repo_dir=nlp-03-text-exploration
2026-03-24 21:48:37 | INFO | CI | python=3.14.2
2026-03-24 21:48:37 | INFO | CI | os=Windows 11
2026-03-24 21:48:37 | INFO | CI | shell=powershell
2026-03-24 21:48:37 | INFO | CI | cwd=.
2026-03-24 21:48:37 | INFO | CI | github_actions=False
2026-03-24 21:48:37 | INFO | CI | START script.....
2026-03-24 21:48:37 | INFO | CI | ROOT_PATH = .
2026-03-24 21:48:37 | INFO | CI | NOTEBOOKS_PATH = notebooks
2026-03-24 21:48:37 | INFO | CI | SCRIPTS_PATH = scripts
2026-03-24 21:48:37 | INFO | CI | Logger configured.
2026-03-24 21:49:06 | INFO | CI | ========================
2026-03-24 21:49:06 | INFO | CI | Pipeline executed successfully!
2026-03-24 21:49:06 | INFO | CI | ========================
2026-03-24 21:49:06 | INFO | CI | END main()
2026-03-24 22:45:58 | INFO | CI | === RUN START ===
2026-03-24 22:45:58 | INFO | CI | project=MODULE 3 NOTEBOOK: CORPUS EXPLORATION
2026-03-24 22:45:58 | INFO | CI | repo_dir=nlp-03-text-exploration
2026-03-24 22:45:58 | INFO | CI | python=3.14.2
2026-03-24 22:45:58 | INFO | CI | os=Windows 11
2026-03-24 22:45:58 | INFO | CI | shell=powershell
2026-03-24 22:45:58 | INFO | CI | cwd=notebooks
2026-03-24 22:45:58 | INFO | CI | github_actions=False
2026-03-24 22:45:58 | INFO | CI | ROOT_PATH = .
2026-03-24 22:45:58 | INFO | CI | NOTEBOOKS_PATH = notebooks
2026-03-24 22:45:58 | INFO | CI | SCRIPTS_PATH = scripts
2026-03-24 22:45:58 | INFO | CI | Logger configured.
2026-03-24 22:48:09 | INFO | CI | === RUN START ===
2026-03-24 22:48:09 | INFO | CI | project=MODULE 3 NOTEBOOK: CORPUS EXPLORATION
2026-03-24 22:48:09 | INFO | CI | repo_dir=nlp-03-text-exploration
2026-03-24 22:48:09 | INFO | CI | python=3.14.2
2026-03-24 22:48:09 | INFO | CI | os=Windows 11
2026-03-24 22:48:09 | INFO | CI | shell=powershell
2026-03-24 22:48:09 | INFO | CI | cwd=notebooks
2026-03-24 22:48:09 | INFO | CI | github_actions=False
2026-03-24 22:48:09 | INFO | CI | ROOT_PATH = .
2026-03-24 22:48:09 | INFO | CI | NOTEBOOKS_PATH = notebooks
2026-03-24 22:48:09 | INFO | CI | SCRIPTS_PATH = scripts
2026-03-24 22:48:09 | INFO | CI | Logger configured.
2026-03-24 22:51:23 | INFO | CI | === RUN START ===
2026-03-24 22:51:23 | INFO | CI | project=MODULE 3 NOTEBOOK: CORPUS EXPLORATION
2026-03-24 22:51:23 | INFO | CI | repo_dir=nlp-03-text-exploration
2026-03-24 22:51:23 | INFO | CI | python=3.14.2
2026-03-24 22:51:23 | INFO | CI | os=Windows 11
2026-03-24 22:51:23 | INFO | CI | shell=powershell
2026-03-24 22:51:23 | INFO | CI | cwd=notebooks
2026-03-24 22:51:23 | INFO | CI | github_actions=False
2026-03-24 22:51:23 | INFO | CI | ROOT_PATH = .
2026-03-24 22:51:23 | INFO | CI | NOTEBOOKS_PATH = notebooks
2026-03-24 22:51:23 | INFO | CI | SCRIPTS_PATH = scripts
2026-03-24 22:51:23 | INFO | CI | Logger configured.
2026-03-24 22:58:24 | INFO | CI | === RUN START ===
2026-03-24 22:58:24 | INFO | CI | project=MODULE 3 NOTEBOOK: CORPUS EXPLORATION
2026-03-24 22:58:25 | INFO | CI | repo_dir=nlp-03-text-exploration
2026-03-24 22:58:25 | INFO | CI | python=3.14.2
2026-03-24 22:58:25 | INFO | CI | os=Windows 11
2026-03-24 22:58:25 | INFO | CI | shell=powershell
2026-03-24 22:58:25 | INFO | CI | cwd=notebooks
2026-03-24 22:58:25 | INFO | CI | github_actions=False
2026-03-24 22:58:25 | INFO | CI | ROOT_PATH = .
2026-03-24 22:58:25 | INFO | CI | NOTEBOOKS_PATH = notebooks
2026-03-24 22:58:25 | INFO | CI | SCRIPTS_PATH = scripts
2026-03-24 22:58:25 | INFO | CI | Logger configured.
2026-03-24 23:02:09 | INFO | CI | === RUN START ===
2026-03-24 23:02:09 | INFO | CI | project=MODULE 3 NOTEBOOK: CORPUS EXPLORATION
2026-03-24 23:02:09 | INFO | CI | repo_dir=nlp-03-text-exploration
2026-03-24 23:02:09 | INFO | CI | python=3.14.2
2026-03-24 23:02:09 | INFO | CI | os=Windows 11
2026-03-24 23:02:09 | INFO | CI | shell=powershell
2026-03-24 23:02:09 | INFO | CI | cwd=notebooks
2026-03-24 23:02:09 | INFO | CI | github_actions=False
2026-03-24 23:02:09 | INFO | CI | ROOT_PATH = .
2026-03-24 23:02:09 | INFO | CI | NOTEBOOKS_PATH = notebooks
2026-03-24 23:02:09 | INFO | CI | SCRIPTS_PATH = scripts
2026-03-24 23:02:09 | INFO | CI | Logger configured.
2026-03-24 23:02:10 | INFO | CI | ========================
2026-03-24 23:02:10 | INFO | CI | Notebook executed successfully!
2026-03-24 23:02:10 | INFO | CI | ========================
